  Ignored layers (2): model.language_model.layers.[5-6].linear_attn.conv1d[0m
Processing shards:  72%|███████▏  | 13/18 [00:26<00:08,  1.72s/shard][38;20m2026-09-26 19:31:43 INFO model_free.py L2637: Memory usage: 'peak_ram': 23.05GB[0m
[38;20m2026-09-26 19:31:43 INFO model_free.py L2641: Shard 13/18 (model-00012-of-00018.safetensors):
  Quantized layers (43): model.language_model.layers.43.self_attn.k_proj, model.language_model.layers.43.self_attn.o_proj, model.language_model.layers.43.self_attn.q_proj, model.language_model.layers.43.self_attn.v_proj, model.language_model.layers.[40-42,44-45].linear_attn.in_proj_a, model.language_model.layers.[40-42,44-45].linear_attn.in_proj_b, model.language_model.layers.[40-42,44-45].linear_attn.in_proj_qkv, model.language_model.layers.[40-42,44-45].linear_attn.in_proj_z, model.language_model.layers.[40-42,44].linear_attn.out_proj, model.language_model.layers.[40-44].mlp.down_proj, model.language_model.layers.[40-44].mlp.gate_proj, model.language_model.layers.[40-44].mlp.up_proj
  Ignored layers (5): model.language_model.layers.[40-42,44-45].linear_attn.conv1d[0m
Processing shards:  78%|███████▊  | 14/18 [00:27<00:05,  1.45s/shard][38;20m2026-09-26 19:31:46 INFO model_free.py L2637: Memory usage: 'peak_ram': 23.05GB[0m
[38;20m2026-09-26 19:31:46 INFO model_free.py L2641: Shard 16/18 (model-00015-of-00018.safetensors):
  Quantized layers (19): model.language_model.layers.54.linear_attn.in_proj_a, model.language_model.layers.54.linear_attn.in_proj_b, model.language_model.layers.54.linear_attn.in_proj_qkv, model.language_model.layers.54.linear_attn.in_proj_z, model.language_model.layers.55.self_attn.k_proj, model.language_model.layers.55.self_attn.o_proj, model.language_model.layers.55.self_attn.q_proj, model.language_model.layers.55.self_attn.v_proj, model.language_model.layers.[53-54].linear_attn.out_proj, model.language_model.layers.[53-55].mlp.down_proj, model.language_model.layers.[53-55].mlp.gate_proj, model.language_model.layers.[53-55].mlp.up_proj
  Ignored layers (1): model.language_model.layers.54.linear_attn.conv1d[0m
Processing shards:  83%|████████▎ | 15/18 [00:30<00:05,  1.88s/shard][38;20m2026-09-26 19:31:46 INFO model_free.py L2637: Memory usage: 'peak_ram': 23.05GB[0m
[38;20m2026-09-26 19:31:46 INFO model_free.py L2641: Shard 15/18 (model-00014-of-00018.safetensors):
  Quantized layers (43): model.language_model.layers.51.self_attn.k_proj, model.language_model.layers.51.self_attn.o_proj, model.language_model.layers.51.self_attn.q_proj, model.language_model.layers.51.self_attn.v_proj, model.language_model.layers.[48-50,52-53].linear_attn.in_proj_a, model.language_model.layers.[48-50,52-53].linear_attn.in_proj_b, model.language_model.layers.[48-50,52-53].linear_attn.in_proj_qkv, model.language_model.layers.[48-50,52-53].linear_attn.in_proj_z, model.language_model.layers.[48-50,52].linear_attn.out_proj, model.language_model.layers.[48-52].mlp.down_proj, model.language_model.layers.[48-52].mlp.gate_proj, model.language_model.layers.[48-52].mlp.up_proj
  Ignored layers (5): model.language_model.layers.[48-50,52-53].linear_attn.conv1d[0m
Processing shards:  89%|████████▉ | 16/18 [00:30<00:02,  1.37s/shard][38;20m2026-09-26 19:31:47 INFO model_free.py L2637: Memory usage: 'peak_ram': 23.05GB[0m
[38;20m2026-09-26 19:31:47 INFO model_free.py L2641: Shard 18/18 (model-00017-of-00018.safetensors):
  Quantized layers (19): model.language_model.layers.62.linear_attn.in_proj_a, model.language_model.layers.62.linear_attn.in_proj_b, model.language_model.layers.62.linear_attn.in_proj_qkv, model.language_model.layers.62.linear_attn.in_proj_z, model.language_model.layers.63.self_attn.k_proj, model.language_model.layers.63.self_attn.o_proj, model.language_model.layers.63.self_attn.q_proj, model.language_model.layers.63.self_attn.v_proj, model.language_model.layers.[61-62].linear_attn.out_proj, model.language_model.layers.[61-63].mlp.down_proj, model.language_model.layers.[61-63].mlp.gate_proj, model.language_model.layers.[61-63].mlp.up_proj
  Ignored layers (1): model.language_model.layers.62.linear_attn.conv1d[0m
Processing shards:  94%|█████████▍| 17/18 [00:31<00:01,  1.28s/shard][38;20m2026-09-26 19:31:48 INFO model_free.py L2637: Memory usage: 'peak_ram': 23.05GB[0m
[38;20m2026-09-26 19:31:48 INFO model_free.py L2641: Shard 17/18 (model-00016-of-00018.safetensors):
  Quantized layers (43): model.language_model.layers.59.self_attn.k_proj, model.language_model.layers.59.self_attn.o_proj, model.language_model.layers.59.self_attn.q_proj, model.language_model.layers.59.self_attn.v_proj, model.language_model.layers.[56-58,60-61].linear_attn.in_proj_a, model.language_model.layers.[56-58,60-61].linear_attn.in_proj_b, model.language_model.layers.[56-58,60-61].linear_attn.in_proj_qkv, model.language_model.layers.[56-58,60-61].linear_attn.in_proj_z, model.language_model.layers.[56-58,60].linear_attn.out_proj, model.language_model.layers.[56-60].mlp.down_proj, model.language_model.layers.[56-60].mlp.gate_proj, model.language_model.layers.[56-60].mlp.up_proj
  Ignored layers (5): model.language_model.layers.[56-58,60-61].linear_attn.conv1d[0m
Processing shards: 100%|██████████| 18/18 [00:32<00:00,  1.17s/shard]Processing shards: 100%|██████████| 18/18 [00:32<00:00,  1.81s/shard]
[38;20m2026-09-26 19:31:48 INFO model_free.py L2749: 
Model-free quantization complete.
  Output directory: /home/acm/work/models/xpu-w4-rtn
  Total time: 32.65 seconds
  Memory usage: 'peak_ram': 23.05GB
  Quantized layers (504): model.language_model.layers.[0-2,4-6,8-10,12-14,16-18,20-22,24-26,28-30,32-34,36-38,40-42,44-46,48-50,52-54,56-58,60-62].linear_attn.in_proj_a, model.language_model.layers.[0-2,4-6,8-10,12-14,16-18,20-22,24-26,28-30,32-34,36-38,40-42,44-46,48-50,52-54,56-58,60-62].linear_attn.in_proj_b, model.language_model.layers.[0-2,4-6,8-10,12-14,16-18,20-22,24-26,28-30,32-34,36-38,40-42,44-46,48-50,52-54,56-58,60-62].linear_attn.in_proj_qkv, model.language_model.layers.[0-2,4-6,8-10,12-14,16-18,20-22,24-26,28-30,32-34,36-38,40-42,44-46,48-50,52-54,56-58,60-62].linear_attn.in_proj_z, model.language_model.layers.[0-2,4-6,8-10,12-14,16-18,20-22,24-26,28-30,32-34,36-38,40-42,44-46,48-50,52-54,56-58,60-62].linear_attn.out_proj, model.language_model.layers.[0-63].mlp.down_proj, model.language_model.layers.[0-63].mlp.gate_proj, model.language_model.layers.[0-63].mlp.up_proj, model.language_model.layers.[3,7,11,15,19,23,27,31,35,39,43,47,51,55,59,63].self_attn.k_proj, model.language_model.layers.[3,7,11,15,19,23,27,31,35,39,43,47,51,55,59,63].self_attn.o_proj, model.language_model.layers.[3,7,11,15,19,23,27,31,35,39,43,47,51,55,59,63].self_attn.q_proj, model.language_model.layers.[3,7,11,15,19,23,27,31,35,39,43,47,51,55,59,63].self_attn.v_proj, mtp.fc, mtp.layers.0.mlp.down_proj, mtp.layers.0.mlp.gate_proj, mtp.layers.0.mlp.up_proj, mtp.layers.0.self_attn.k_proj, mtp.layers.0.self_attn.o_proj, mtp.layers.0.self_attn.q_proj, mtp.layers.0.self_attn.v_proj
  Ignored layers (162): lm_head, model.language_model.embed_tokens, model.language_model.layers.[0-2,4-6,8-10,12-14,16-18,20-22,24-26,28-30,32-34,36-38,40-42,44-46,48-50,52-54,56-58,60-62].linear_attn.conv1d, model.visual.blocks.[0-26].attn.proj, model.visual.blocks.[0-26].attn.qkv, model.visual.blocks.[0-26].mlp.linear_fc1, model.visual.blocks.[0-26].mlp.linear_fc2, model.visual.merger.linear_fc1, model.visual.merger.linear_fc2, model.visual.patch_embed.proj, model.visual.pos_embed
[0m
[quant_rtn_xpu] W4 -> /home/acm/work/models/xpu-w4-rtn
19G	/home/acm/work/models/xpu-w4-rtn
